<!DOCTYPE html>
<html lang="en">
    <head>
        <meta charset="UTF-8">
        <title>Document</title>
    </head>
    <body>
        <h1 id="polarion-configuration">Polarion configuration</h1>
        <h2 id="weasyprint-configuration">WeasyPrint Configuration</h2>
        <h3 id="ubersicht">Übersicht</h3>
        <h4 id="resume">Résumé</h4>
        <h5 id="configuracion-de-polarion">Configuración de Polarion</h5>
        <h6 id="nastrojki-polarion">Настройки Polarion</h6>
        <h2 id="another-weasyprint-configuration">Another WeasyPrint Configuration</h2>
        <h3 id="overview">Overview</h3>
        <h3 id="overview-2">Overview</h3>
        <h4 id="summary">Summary</h4>
        <h5 id="polarion-seoljeong">Polarion 설정</h5>
        <h6 id="nastrojki">Настройки</h6>
    </body>
</html>